// Jest Snapshot v1, https://goo.gl/fbAQLP

exports[`tenders correctly 1`] = `
<View
  accessible={true}
  focusable={true}
  onClick={[Function]}
  onResponderGrant={[Function]}
  onResponderMove={[Function]}
  onResponderRelease={[Function]}
  onResponderTerminate={[Function]}
  onResponderTerminationRequest={[Function]}
  onStartShouldSetResponder={[Function]}
  style={
    Object {
      "opacity": 1,
    }
  }
>
  <View
    style={
      Object {
        "alignItems": "center",
        "backgroundColor": "#000000",
        "borderRadius": 10,
        "display": "flex",
        "flexDirection": "row",
        "height": 50,
        "justifyContent": "center",
        "width": 150,
      }
    }
  >
    <Text
      style={
        Object {
          "color": "#FFFFFF",
          "fontSize": 18,
        }
      }
    >
      View Details
    </Text>
  </View>
</View>
`;
